<!DOCTYPE html>
<html>
  <head>
    <meta charset="utf-8">
    <title>Test</title>
  </head>
  <body>
    <div>This is a test<div>
    <div>This is a test<div>
    <div>This is a test<div>
    <div>This is a test<div>
    <!-- =require test.html -->
  </body>
</html>
